Verifying published Mongoeco 4.9.0 from PyPI
Requirement already satisfied: pip in ./mongoeco-490-recovery-20261008/published-env/lib/python3.13/site-packages (26.2)
Collecting pip
  Downloading pip-26.2.1-py3-none-any.whl.metadata (4.6 kB)
Downloading pip-26.2.1-py3-none-any.whl (1.8 MB)
   ━━━━━━━━━━━━━━━━━━━━━━━━━━━━━━━━━━━━━━━━ 1.8/1.8 MB 33.0 MB/s  0:00:00
Installing collected packages: pip
  Attempting uninstall: pip
    Found existing installation: pip 26.2
    Uninstalling pip-26.2:
      Successfully uninstalled pip-26.2
Successfully installed pip-26.2.1
ERROR: Could not find a version that satisfies the requirement mongoeco==4.9.0 (from versions: 2.0.0, 2.0.1, 2.1.0, 2.2.0, 3.1.0, 3.2.0, 3.3.0, 3.4.0, 3.5.0, 3.5.1, 3.6.0, 4.0.0, 4.1.0, 4.1.1, 4.2.0, 4.2.1, 4.3.0, 4.4.0, 4.5.0, 4.6.0, 4.6.1, 4.7.0, 4.8.0, 4.8.1)
ERROR: No matching distribution found for mongoeco==4.9.0
Traceback (most recent call last):
  File "/Users/uve/Proyectos/mongoeco/scripts/smoke_pypi_contract.py", line 201, in <module>
    raise SystemExit(main())
                     ~~~~^^
  File "/Users/uve/Proyectos/mongoeco/scripts/smoke_pypi_contract.py", line 190, in main
    _install_from_pypi(pip_bin, f"mongoeco=={version}")
    ~~~~~~~~~~~~~~~~~~^^^^^^^^^^^^^^^^^^^^^^^^^^^^^^^^^
  File "/Users/uve/Proyectos/mongoeco/scripts/smoke_pypi_contract.py", line 38, in _install_from_pypi
    _run(
    ~~~~^
        [
        ^
    ...<6 lines>...
        ],
        ^^
    )
    ^
  File "/Users/uve/Proyectos/mongoeco/scripts/smoke_pypi_contract.py", line 34, in _run
    subprocess.run(command, cwd=cwd, check=True)
    ~~~~~~~~~~~~~~^^^^^^^^^^^^^^^^^^^^^^^^^^^^^^
  File "/opt/homebrew/Cellar/python@3.13/3.13.15/Frameworks/Python.framework/Versions/3.13/lib/python3.13/subprocess.py", line 577, in run
    raise CalledProcessError(retcode, process.args,
                             output=stdout, stderr=stderr)
subprocess.CalledProcessError: Command '['/private/tmp/mongoeco-490-recovery-20261008/published-env/bin/pip', 'install', '--index-url', 'https://pypi.org/simple', '--no-cache-dir', 'mongoeco==4.9.0']' returned non-zero exit status 1.
