................................. [  0%]
...................................................................................................... [  1%]
.......................................................................................................... [  2%]
............................................................................................ [  3%]
............................................................. [  4%]
........................................................................ [  5%]
........................................................................ [  6%]
...................................................................... [  6%]
........................................................ [  7%]
................................................................................................................................ [  9%]
........................................................................ [  9%]
........................................................................ [ 10%]
.............................................. [ 11%]
........................................................................ [ 12%]
........................................................................ [ 12%]
........................................................................ [ 13%]
........................................................................ [ 14%]
........................................................................ [ 15%]
........................................................................ [ 16%]
........................................................................ [ 16%]
........................................................................ [ 17%]
........................................................................ [ 18%]
................................................................................................ [ 19%]
.................................................. [ 20%]
........................................................................ [ 21%]
........................................................................ [ 21%]
........................................................................ [ 22%]
........................................................................ [ 23%]
.................................. [ 23%]
........................................................................ [ 24%]
........................................................................ [ 25%]
........................................................................ [ 26%]
........................................................................ [ 27%]
........................................................................ [ 28%]
........................................................................ [ 28%]
........................................................................ [ 29%]
........................................................................ [ 30%]
........................................................................ [ 31%]
........................................................................ [ 32%]
........................................................................ [ 32%]
........................................................................ [ 33%]
........................................................................ [ 34%]
........................................................................ [ 35%]
........................................................................ [ 36%]
........................................................................ [ 37%]
........................................................................ [ 37%]
........................................................................ [ 38%]
........................................................................ [ 39%]
........................................................................ [ 40%]
........................................................................ [ 41%]
........................................................................ [ 41%]
........................................................................ [ 42%]
........................................................................ [ 43%]
........................................................................ [ 44%]
........................................................................ [ 45%]
........................................................................ [ 46%]
........................................................................ [ 46%]
........................................................................ [ 47%]
........................................................................ [ 48%]
........................................................................ [ 49%]
........................................................................ [ 50%]
........................................................................ [ 51%]
........................................................................ [ 51%]
........................................................................ [ 52%]
........................................................................ [ 53%]
........................................................................ [ 54%]
...................................................................... [ 55%]
........................ [ 55%]
...................................................... [ 55%]
................................................................................................................ [ 57%]
................................ [ 57%]
.................................... [ 58%]
.......................................................................................................................... [ 59%]
............................................ [ 59%]
.................................................................. [ 60%]
........................................................................ [ 61%]
............................................................. [ 62%]
...................................................................... [ 63%]
........................................................................ [ 63%]
.................................................................... [ 64%]
.............................................................................................................. [ 65%]
...................................................... [ 66%]
.....................................................................................................................................................................................s................... [ 68%]
...................................................... [ 69%]
...................................................................... [ 70%]
........................................................................ [ 71%]
........................................................................ [ 71%]
........................................................................ [ 72%]
........................................................................ [ 73%]
.................................................................................................................... [ 74%]
................................................................. [ 75%]
........................................................................ [ 76%]
.................................................................. [ 77%]
...................................................... [ 77%]
...................................................................................... [ 78%]
................................................................................................... [ 79%]
.................................................................... [ 80%]
........................................................................ [ 81%]
........................................................................ [ 82%]
........................................................................ [ 83%]
........................................................................ [ 83%]
........................................................................................................................... [ 85%]
........................................................................ [ 86%]
........................................................................ [ 86%]
..................................................................................................................... [ 88%]
........................................................................ [ 89%]
..................................................................... [ 89%]
........................................................................ [ 90%]
.......................................................... [ 91%]
........................................................................ [ 92%]
........................................................................ [ 93%]
........................................................................ [ 93%]
........................................................................ [ 94%]
.................................................................... [ 95%]
................sssssssssssssssssssssssssssss...................................... [ 96%]
........................................................................ [ 97%]
.............................................................................................. [ 98%]
...................................................................... [ 99%]
..................................................................................                                                           [100%]
================================ tests coverage ================================
_______________ coverage: platform darwin, python 3.14.5-final-0 _______________

Coverage JSON written to file /private/tmp/mongoeco-490-20261008/source-final-coverage.json
FAIL Required test coverage of 99.0% not reached. Total coverage: 99.00%
8738 passed, 30 skipped, 3990 subtests passed in 120.04s (0:02:00)
